Archive member included to satisfy reference by file (symbol)

C:\Users\kurts\Documents\MCUXpressoIDE_10.1.1_606\workspace\lpc_board_nxp_lpcxpresso_1769\Debug\liblpc_board_nxp_lpcxpresso_1769.a(board.o)
                              ./inc/Charger.o (Board_LED_Set)
C:\Users\kurts\Documents\MCUXpressoIDE_10.1.1_606\workspace\lpc_board_nxp_lpcxpresso_1769\Debug\liblpc_board_nxp_lpcxpresso_1769.a(board_sysinit.o)
                              ./src/sysinit.o (Board_SystemInit)
C:\Users\kurts\Documents\MCUXpressoIDE_10.1.1_606\workspace\lpc_chip_175x_6x\Debug\liblpc_chip_175x_6x.a(chip_17xx_40xx.o)
                              ./inc/Charger.o (SystemCoreClockUpdate)
C:\Users\kurts\Documents\MCUXpressoIDE_10.1.1_606\workspace\lpc_chip_175x_6x\Debug\liblpc_chip_175x_6x.a(clock_17xx_40xx.o)
                              C:\Users\kurts\Documents\MCUXpressoIDE_10.1.1_606\workspace\lpc_chip_175x_6x\Debug\liblpc_chip_175x_6x.a(chip_17xx_40xx.o) (Chip_Clock_EnablePLL)
C:\Users\kurts\Documents\MCUXpressoIDE_10.1.1_606\workspace\lpc_chip_175x_6x\Debug\liblpc_chip_175x_6x.a(i2s_17xx_40xx.o)
                              C:\Users\kurts\Documents\MCUXpressoIDE_10.1.1_606\workspace\lpc_board_nxp_lpcxpresso_1769\Debug\liblpc_board_nxp_lpcxpresso_1769.a(board.o) (Chip_I2S_Init)
C:\Users\kurts\Documents\MCUXpressoIDE_10.1.1_606\workspace\lpc_chip_175x_6x\Debug\liblpc_chip_175x_6x.a(iocon_17xx_40xx.o)
                              C:\Users\kurts\Documents\MCUXpressoIDE_10.1.1_606\workspace\lpc_board_nxp_lpcxpresso_1769\Debug\liblpc_board_nxp_lpcxpresso_1769.a(board.o) (Chip_IOCON_PinMux)
C:\Users\kurts\Documents\MCUXpressoIDE_10.1.1_606\workspace\lpc_chip_175x_6x\Debug\liblpc_chip_175x_6x.a(sysinit_17xx_40xx.o)
                              C:\Users\kurts\Documents\MCUXpressoIDE_10.1.1_606\workspace\lpc_board_nxp_lpcxpresso_1769\Debug\liblpc_board_nxp_lpcxpresso_1769.a(board_sysinit.o) (Chip_SetupXtalClocking)
C:\Users\kurts\Documents\MCUXpressoIDE_10.1.1_606\workspace\lpc_chip_175x_6x\Debug\liblpc_chip_175x_6x.a(uart_17xx_40xx.o)
                              C:\Users\kurts\Documents\MCUXpressoIDE_10.1.1_606\workspace\lpc_board_nxp_lpcxpresso_1769\Debug\liblpc_board_nxp_lpcxpresso_1769.a(board.o) (Chip_UART_Init)
C:\Users\kurts\Documents\MCUXpressoIDE_10.1.1_606\workspace\lpc_chip_175x_6x\Debug\liblpc_chip_175x_6x.a(ring_buffer.o)
                              C:\Users\kurts\Documents\MCUXpressoIDE_10.1.1_606\workspace\lpc_chip_175x_6x\Debug\liblpc_chip_175x_6x.a(uart_17xx_40xx.o) (RingBuffer_Insert)
c:/nxp/mcuxpressoide_10.1.1_606/ide/tools/bin/../lib/gcc/arm-none-eabi/6.3.1/thumb/v7-m\libgcc.a(_aeabi_uldivmod.o)
                              C:\Users\kurts\Documents\MCUXpressoIDE_10.1.1_606\workspace\lpc_chip_175x_6x\Debug\liblpc_chip_175x_6x.a(i2s_17xx_40xx.o) (__aeabi_uldivmod)
c:/nxp/mcuxpressoide_10.1.1_606/ide/tools/bin/../lib/gcc/arm-none-eabi/6.3.1/thumb/v7-m\libgcc.a(_udivmoddi4.o)
                              c:/nxp/mcuxpressoide_10.1.1_606/ide/tools/bin/../lib/gcc/arm-none-eabi/6.3.1/thumb/v7-m\libgcc.a(_aeabi_uldivmod.o) (__udivmoddi4)
c:/nxp/mcuxpressoide_10.1.1_606/ide/tools/bin/../lib/gcc/arm-none-eabi/6.3.1/thumb/v7-m\libgcc.a(_dvmd_tls.o)
                              c:/nxp/mcuxpressoide_10.1.1_606/ide/tools/bin/../lib/gcc/arm-none-eabi/6.3.1/thumb/v7-m\libgcc.a(_aeabi_uldivmod.o) (__aeabi_ldiv0)
c:/nxp/mcuxpressoide_10.1.1_606/ide/tools/bin/../lib/gcc/arm-none-eabi/6.3.1/../../../../arm-none-eabi/lib/thumb/v7-m\libc.a(lib_a-init.o)
                              ./src/cr_startup_lpc175x_6x.o (__libc_init_array)
c:/nxp/mcuxpressoide_10.1.1_606/ide/tools/bin/../lib/gcc/arm-none-eabi/6.3.1/../../../../arm-none-eabi/lib/thumb/v7-m\libc.a(lib_a-malloc.o)
                              ./src/cr_cpp_config.o (malloc)
c:/nxp/mcuxpressoide_10.1.1_606/ide/tools/bin/../lib/gcc/arm-none-eabi/6.3.1/../../../../arm-none-eabi/lib/thumb/v7-m\libc.a(lib_a-mallocr.o)
                              c:/nxp/mcuxpressoide_10.1.1_606/ide/tools/bin/../lib/gcc/arm-none-eabi/6.3.1/../../../../arm-none-eabi/lib/thumb/v7-m\libc.a(lib_a-malloc.o) (_malloc_r)
c:/nxp/mcuxpressoide_10.1.1_606/ide/tools/bin/../lib/gcc/arm-none-eabi/6.3.1/../../../../arm-none-eabi/lib/thumb/v7-m\libc.a(lib_a-memcpy.o)
                              C:\Users\kurts\Documents\MCUXpressoIDE_10.1.1_606\workspace\lpc_board_nxp_lpcxpresso_1769\Debug\liblpc_board_nxp_lpcxpresso_1769.a(board.o) (memcpy)
c:/nxp/mcuxpressoide_10.1.1_606/ide/tools/bin/../lib/gcc/arm-none-eabi/6.3.1/../../../../arm-none-eabi/lib/thumb/v7-m\libc.a(lib_a-mlock.o)
                              c:/nxp/mcuxpressoide_10.1.1_606/ide/tools/bin/../lib/gcc/arm-none-eabi/6.3.1/../../../../arm-none-eabi/lib/thumb/v7-m\libc.a(lib_a-mallocr.o) (__malloc_lock)
c:/nxp/mcuxpressoide_10.1.1_606/ide/tools/bin/../lib/gcc/arm-none-eabi/6.3.1/../../../../arm-none-eabi/lib/thumb/v7-m\libc.a(lib_a-sbrkr.o)
[...]
Memory Configuration

Name             Origin             Length             Attributes
MFlash512        0x00000000         0x00080000         xr
RamLoc32         0x10000000         0x00008000         xrw
RamAHB32         0x2007c000         0x00008000         xrw
*default*        0x00000000         0xffffffff

Linker script and memory map

LOAD ./src/cr_cpp_config.o
LOAD ./src/cr_startup_lpc175x_6x.o
LOAD ./src/crp.o
LOAD ./src/main.o
LOAD ./src/sysinit.o
LOAD ./inc/Charger.o
LOAD C:\Users\kurts\Documents\MCUXpressoIDE_10.1.1_606\workspace\lpc_board_nxp_lpcxpresso_1769\Debug\liblpc_board_nxp_lpcxpresso_1769.a
LOAD C:\Users\kurts\Documents\MCUXpressoIDE_10.1.1_606\workspace\lpc_chip_175x_6x\Debug\liblpc_chip_175x_6x.a
START GROUP
LOAD c:/nxp/mcuxpressoide_10.1.1_606/ide/tools/bin/../lib/gcc/arm-none-eabi/6.3.1/thumb/v7-m\libgcc.a
LOAD c:/nxp/mcuxpressoide_10.1.1_606/ide/tools/bin/../lib/gcc/arm-none-eabi/6.3.1/../../../../arm-none-eabi/lib/thumb/v7-m\libc.a
LOAD c:/nxp/mcuxpressoide_10.1.1_606/ide/tools/bin/../lib/gcc/arm-none-eabi/6.3.1/../../../../arm-none-eabi/lib/thumb/v7-m\libstdc++.a
LOAD c:/nxp/mcuxpressoide_10.1.1_606/ide/tools/bin/../lib/gcc/arm-none-eabi/6.3.1/../../../../arm-none-eabi/lib/thumb/v7-m\libm.a
LOAD c:/nxp/mcuxpressoide_10.1.1_606/ide/tools/bin/../lib/gcc/arm-none-eabi/6.3.1/../../../../arm-none-eabi/lib/thumb/v7-m\libcr_newlib_nohost.a
LOAD c:/nxp/mcuxpressoide_10.1.1_606/ide/tools/bin/../lib/gcc/arm-none-eabi/6.3.1/thumb/v7-m\crti.o
LOAD c:/nxp/mcuxpressoide_10.1.1_606/ide/tools/bin/../lib/gcc/arm-none-eabi/6.3.1/thumb/v7-m\crtn.o
LOAD c:/nxp/mcuxpressoide_10.1.1_606/ide/tools/bin/../lib/gcc/arm-none-eabi/6.3.1/thumb/v7-m\crtbegin.o
LOAD c:/nxp/mcuxpressoide_10.1.1_606/ide/tools/bin/../lib/gcc/arm-none-eabi/6.3.1/thumb/v7-m\crtend.o
END GROUP
                0x00000000                __base_MFlash512 = 0x0
                0x00000000                __base_Flash = 0x0
                0x00080000                __top_MFlash512 = 0x80000
                0x00080000                __top_Flash = 0x80000
                0x10000000                __base_RamLoc32 = 0x10000000
                0x10000000                __base_RAM = 0x10000000
                0x10008000                __top_RamLoc32 = 0x10008000
                0x10008000                __top_RAM = 0x10008000
                0x2007c000                __base_RamAHB32 = 0x2007c000
                0x2007c000                __base_RAM2 = 0x2007c000
                0x20084000                __top_RamAHB32 = 0x20084000
                0x20084000                __top_RAM2 = 0x20084000

.text           0x00000000     0x1880
 FILL mask 0xff
                0x00000000                __vectors_start__ = ABSOLUTE (.)
 *(.isr_vector)
 .isr_vector    0x00000000       0xcc ./src/cr_startup_lpc175x_6x.o
                0x00000000                g_pfnVectors
                0x000000cc                . = ALIGN (0x4)
                0x000000cc                __section_table_start = .
                0x000000cc                __data_section_table = .
                0x000000cc        0x4 LONG 0x1880 LOADADDR (.data)
                0x000000d0        0x4 LONG 0x10000000 ADDR (.data)
                0x000000d4        0x4 LONG 0x840 SIZEOF (.data)
                0x000000d8        0x4 LONG 0x1880 LOADADDR (.data_RAM2)
                0x000000dc        0x4 LONG 0x2007c000 ADDR (.data_RAM2)
                0x000000e0        0x4 LONG 0x0 SIZEOF (.data_RAM2)
                0x000000e4                __data_section_table_end = .
                0x000000e4                __bss_section_table = .
                0x000000e4        0x4 LONG 0x10000840 ADDR (.bss)
                0x000000e8        0x4 LONG 0x84 SIZEOF (.bss)
                0x000000ec        0x4 LONG 0x2007c000 ADDR (.bss_RAM2)
                0x000000f0        0x4 LONG 0x0 SIZEOF (.bss_RAM2)
                0x000000f4                __bss_section_table_end = .
                0x000000f4                __section_table_end = .
 *(.after_vectors*)
 .after_vectors
                0x000000f4      0x130 ./src/cr_startup_lpc175x_6x.o
                0x000000f4                data_init(unsigned int, unsigned int, unsigned int)
                0x00000136                bss_init(unsigned int, unsigned int)
                0x0000016c                ResetISR
                0x000001e8                NMI_Handler
                0x000001ee                HardFault_Handler
                0x000001f4                MemManage_Handler
                0x000001fa                BusFault_Handler
                0x00000200                UsageFault_Handler
                0x00000206                SVC_Handler
                0x0000020c                DebugMon_Handler
                0x00000212                PendSV_Handler
                0x00000218                SysTick_Handler
                0x0000021e                UART1_IRQHandler
                0x0000021e                EINT3_IRQHandler
                0x0000021e                CANActivity_IRQHandler
                0x0000021e                TIMER3_IRQHandler
                0x0000021e                EINT2_IRQHandler
                0x0000021e                USBActivity_IRQHandler
                0x0000021e                IntDefaultHandler
                0x0000021e                PLL0_IRQHandler
                0x0000021e                CAN_IRQHandler
                0x0000021e                PLL1_IRQHandler
                0x0000021e                UART0_IRQHandler
                0x0000021e                I2S_IRQHandler
                0x0000021e                I2C2_IRQHandler
                0x0000021e                RTC_IRQHandler
                0x0000021e                TIMER0_IRQHandler
                0x0000021e                SPI_IRQHandler
                0x0000021e                EINT1_IRQHandler
                0x0000021e                TIMER1_IRQHandler
                0x0000021e                UART2_IRQHandler
                0x0000021e                ADC_IRQHandler
                0x0000021e                SSP1_IRQHandler
                0x0000021e                I2C0_IRQHandler
                0x0000021e                USB_IRQHandler
                0x0000021e                BOD_IRQHandler
                0x0000021e                RIT_IRQHandler
                0x0000021e                I2C1_IRQHandler
                0x0000021e                WDT_IRQHandler
                0x0000021e                PWM1_IRQHandler
                0x0000021e                QEI_IRQHandler
                0x0000021e                EINT0_IRQHandler
                0x0000021e                ETH_IRQHandler
                0x0000021e                SSP0_IRQHandler
                0x0000021e                DMA_IRQHandler
                0x0000021e                TIMER2_IRQHandler
                0x0000021e                UART3_IRQHandler
                0x0000021e                MCPWM_IRQHandler
 *(.text*)
 .text._Znwj    0x00000224       0x18 ./src/cr_cpp_config.o
                0x00000224                operator new(unsigned int)
 .text.main     0x0000023c       0x50 ./src/main.o
                0x0000023c                main
 .text.SystemInit
                0x0000028c       0x24 ./src/sysinit.o
                0x0000028c                SystemInit
 .text._ZN7ChargerC2Ev
                0x000002b0       0x28 ./inc/Charger.o
                0x000002b0                Charger::Charger()
                0x000002b0                Charger::Charger()
 .text._ZN7Charger6EnableEv
                0x000002d8       0x1e ./inc/Charger.o
                0x000002d8                Charger::Enable()
 .text._ZN7Charger7DisableEv
                0x000002f6       0x1e ./inc/Charger.o
                0x000002f6                Charger::Disable()
 .text._ZN7Charger10IsChargingEv
                0x00000314       0x16 ./inc/Charger.o
                0x00000314                Charger::IsCharging()
 .text._ZN7Charger10DetectLoadEv
                0x0000032a       0x14 ./inc/Charger.o
                0x0000032a                Charger::DetectLoad()
 .text.Chip_IOCON_Init
                0x0000033e       0x16 C:\Users\kurts\Documents\MCUXpressoIDE_10.1.1_606\workspace\lpc_board_nxp_lpcxpresso_1769\Debug\liblpc_board_nxp_lpcxpresso_1769.a(board.o)
 .text.Chip_GPIO_Init
                0x00000354       0x16 C:\Users\kurts\Documents\MCUXpressoIDE_10.1.1_606\workspace\lpc_board_nxp_lpcxpresso_1769\Debug\liblpc_board_nxp_lpcxpresso_1769.a(board.o)
 .text.Chip_GPIO_SetPinState
                0x0000036a       0x68 C:\Users\kurts\Documents\MCUXpressoIDE_10.1.1_606\workspace\lpc_board_nxp_lpcxpresso_1769\Debug\liblpc_board_nxp_lpcxpresso_1769.a(board.o)
 .text.Chip_GPIO_WritePortBit
                0x000003d2       0x2c C:\Users\kurts\Documents\MCUXpressoIDE_10.1.1_606\workspace\lpc_board_nxp_lpcxpresso_1769\Debug\liblpc_board_nxp_lpcxpresso_1769.a(board.o)
 .text.Chip_GPIO_SetPinDIROutput
                0x000003fe       0x38 C:\Users\kurts\Documents\MCUXpressoIDE_10.1.1_606\workspace\lpc_board_nxp_lpcxpresso_1769\Debug\liblpc_board_nxp_lpcxpresso_1769.a(board.o)
 .text.Chip_GPIO_SetPinDIRInput
                0x00000436       0x3a C:\Users\kurts\Documents\MCUXpressoIDE_10.1.1_606\workspace\lpc_board_nxp_lpcxpresso_1769\Debug\liblpc_board_nxp_lpcxpresso_1769.a(board.o)
 .text.Chip_GPIO_SetPinDIR
                0x00000470       0x42 C:\Users\kurts\Documents\MCUXpressoIDE_10.1.1_606\workspace\lpc_board_nxp_lpcxpresso_1769\Debug\liblpc_board_nxp_lpcxpresso_1769.a(board.o)
 .text.Chip_GPIO_WriteDirBit
                0x000004b2       0x2e C:\Users\kurts\Documents\MCUXpressoIDE_10.1.1_606\workspace\lpc_board_nxp_lpcxpresso_1769\Debug\liblpc_board_nxp_lpcxpresso_1769.a(board.o)
 .text.Chip_UART_ConfigData
                0x000004e0       0x1a C:\Users\kurts\Documents\MCUXpressoIDE_10.1.1_606\workspace\lpc_board_nxp_lpcxpresso_1769\Debug\liblpc_board_nxp_lpcxpresso_1769.a(board.o)
 *fill*         0x000004fa        0x2 ff
 .text.Board_LED_Init
                0x000004fc       0x18 C:\Users\kurts\Documents\MCUXpressoIDE_10.1.1_606\workspace\lpc_board_nxp_lpcxpresso_1769\Debug\liblpc_board_nxp_lpcxpresso_1769.a(board.o)
 .text.Board_UART_Init
                0x00000514       0x12 C:\Users\kurts\Documents\MCUXpressoIDE_10.1.1_606\workspace\lpc_board_nxp_lpcxpresso_1769\Debug\liblpc_board_nxp_lpcxpresso_1769.a(board.o)
                0x00000514                Board_UART_Init
 *fill*         0x00000526        0x2 ff
 .text.Board_Debug_Init
                0x00000528       0x30 C:\Users\kurts\Documents\MCUXpressoIDE_10.1.1_606\workspace\lpc_board_nxp_lpcxpresso_1769\Debug\liblpc_board_nxp_lpcxpresso_1769.a(board.o)
                0x00000528                Board_Debug_Init
 .text.Board_LED_Set
                0x00000558       0x30 C:\Users\kurts\Documents\MCUXpressoIDE_10.1.1_606\workspace\lpc_board_nxp_lpcxpresso_1769\Debug\liblpc_board_nxp_lpcxpresso_1769.a(board.o)
                0x00000558                Board_LED_Set
 .text.Board_Init
                0x00000588       0x24 C:\Users\kurts\Documents\MCUXpressoIDE_10.1.1_606\workspace\lpc_board_nxp_lpcxpresso_1769\Debug\liblpc_board_nxp_lpcxpresso_1769.a(board.o)
                0x00000588                Board_Init
 .text.Chip_SYSCTL_SetFLASHAccess
                0x000005ac       0x30 C:\Users\kurts\Documents\MCUXpressoIDE_10.1.1_606\workspace\lpc_board_nxp_lpcxpresso_1769\Debug\liblpc_board_nxp_lpcxpresso_1769.a(board_sysinit.o)
 .text.Board_SetupMuxing
                0x000005dc       0x1c C:\Users\kurts\Documents\MCUXpressoIDE_10.1.1_606\workspace\lpc_board_nxp_lpcxpresso_1769\Debug\liblpc_board_nxp_lpcxpresso_1769.a(board_sysinit.o)
                0x000005dc                Board_SetupMuxing
 .text.Board_SetupClocking
                0x000005f8       0x12 C:\Users\kurts\Documents\MCUXpressoIDE_10.1.1_606\workspace\lpc_board_nxp_lpcxpresso_1769\Debug\liblpc_board_nxp_lpcxpresso_1769.a(board_sysinit.o)
                0x000005f8                Board_SetupClocking
 .text.Board_SystemInit
                0x0000060a       0x10 C:\Users\kurts\Documents\MCUXpressoIDE_10.1.1_606\workspace\lpc_board_nxp_lpcxpresso_1769\Debug\liblpc_board_nxp_lpcxpresso_1769.a(board_sysinit.o)
                0x0000060a                Board_SystemInit
 *fill*         0x0000061a        0x2 ff
 .text.SystemCoreClockUpdate
                0x0000061c       0x18 C:\Users\kurts\Documents\MCUXpressoIDE_10.1.1_606\workspace\lpc_chip_175x_6x\Debug\liblpc_chip_175x_6x.a(chip_17xx_40xx.o)
                0x0000061c                SystemCoreClockUpdate
 .text.Chip_Clock_IsMainPLLEnabled
                0x00000634       0x24 C:\Users\kurts\Documents\MCUXpressoIDE_10.1.1_606\workspace\lpc_chip_175x_6x\Debug\liblpc_chip_175x_6x.a(clock_17xx_40xx.o)
 .text.Chip_Clock_IsMainPLLConnected
                0x00000658       0x24 C:\Users\kurts\Documents\MCUXpressoIDE_10.1.1_606\workspace\lpc_chip_175x_6x\Debug\liblpc_chip_175x_6x.a(clock_17xx_40xx.o)
 .text.Chip_Clock_FeedPLL
                0x0000067c       0x34 C:\Users\kurts\Documents\MCUXpressoIDE_10.1.1_606\workspace\lpc_chip_175x_6x\Debug\liblpc_chip_175x_6x.a(clock_17xx_40xx.o)
 .text.Chip_Clock_GetMainPLLSource
                0x000006b0       0x20 C:\Users\kurts\Documents\MCUXpressoIDE_10.1.1_606\workspace\lpc_chip_175x_6x\Debug\liblpc_chip_175x_6x.a(clock_17xx_40xx.o)
 .text.Chip_Clock_GetMainOscRate
                0x000006d0       0x14 C:\Users\kurts\Documents\MCUXpressoIDE_10.1.1_606\workspace\lpc_chip_175x_6x\Debug\liblpc_chip_175x_6x.a(clock_17xx_40xx.o)
 .text.Chip_Clock_GetIntOscRate
                0x000006e4       0x14 C:\Users\kurts\Documents\MCUXpressoIDE_10.1.1_606\workspace\lpc_chip_175x_6x\Debug\liblpc_chip_175x_6x.a(clock_17xx_40xx.o)
 .text.Chip_Clock_GetRTCOscRate
                0x000006f8       0x14 C:\Users\kurts\Documents\MCUXpressoIDE_10.1.1_606\workspace\lpc_chip_175x_6x\Debug\liblpc_chip_175x_6x.a(clock_17xx_40xx.o)
 .text.Chip_Clock_GetMainPLLInClockRate
                0x0000070c        0xe C:\Users\kurts\Documents\MCUXpressoIDE_10.1.1_606\workspace\lpc_chip_175x_6x\Debug\liblpc_chip_175x_6x.a(clock_17xx_40xx.o)
 *fill*         0x0000071a        0x2 ff
 .text.Chip_Clock_EnablePLL
                0x0000071c       0x44 C:\Users\kurts\Documents\MCUXpressoIDE_10.1.1_606\workspace\lpc_chip_175x_6x\Debug\liblpc_chip_175x_6x.a(clock_17xx_40xx.o)
                0x0000071c                Chip_Clock_EnablePLL
 .text.Chip_Clock_DisablePLL
                0x00000760       0x48 C:\Users\kurts\Documents\MCUXpressoIDE_10.1.1_606\workspace\lpc_chip_175x_6x\Debug\liblpc_chip_175x_6x.a(clock_17xx_40xx.o)
                0x00000760                Chip_Clock_DisablePLL
 .text.Chip_Clock_SetupPLL
                0x000007a8       0x5c C:\Users\kurts\Documents\MCUXpressoIDE_10.1.1_606\workspace\lpc_chip_175x_6x\Debug\liblpc_chip_175x_6x.a(clock_17xx_40xx.o)
                0x000007a8                Chip_Clock_SetupPLL
 .text.Chip_Clock_EnablePeriphClock
                0x00000804       0x34 C:\Users\kurts\Documents\MCUXpressoIDE_10.1.1_606\workspace\lpc_chip_175x_6x\Debug\liblpc_chip_175x_6x.a(clock_17xx_40xx.o)
                0x00000804                Chip_Clock_EnablePeriphClock
 .text.Chip_Clock_GetCPUClockSource
                0x00000838       0x24 C:\Users\kurts\Documents\MCUXpressoIDE_10.1.1_606\workspace\lpc_chip_175x_6x\Debug\liblpc_chip_175x_6x.a(clock_17xx_40xx.o)
                0x00000838                Chip_Clock_GetCPUClockSource
 .text.Chip_Clock_SetCPUClockDiv
                0x0000085c       0x20 C:\Users\kurts\Documents\MCUXpressoIDE_10.1.1_606\workspace\lpc_chip_175x_6x\Debug\liblpc_chip_175x_6x.a(clock_17xx_40xx.o)
                0x0000085c                Chip_Clock_SetCPUClockDiv
 .text.Chip_Clock_GetCPUClockDiv
                0x0000087c       0x1c C:\Users\kurts\Documents\MCUXpressoIDE_10.1.1_606\workspace\lpc_chip_175x_6x\Debug\liblpc_chip_175x_6x.a(clock_17xx_40xx.o)
                0x0000087c                Chip_Clock_GetCPUClockDiv
 .text.Chip_Clock_GetPCLKDiv
                0x00000898       0x8c C:\Users\kurts\Documents\MCUXpressoIDE_10.1.1_606\workspace\lpc_chip_175x_6x\Debug\liblpc_chip_175x_6x.a(clock_17xx_40xx.o)
                0x00000898                Chip_Clock_GetPCLKDiv
 .text.Chip_Clock_GetSYSCLKRate
                0x00000924       0x34 C:\Users\kurts\Documents\MCUXpressoIDE_10.1.1_606\workspace\lpc_chip_175x_6x\Debug\liblpc_chip_175x_6x.a(clock_17xx_40xx.o)
                0x00000924                Chip_Clock_GetSYSCLKRate
 .text.Chip_Clock_GetMainPLLOutClockRate
                0x00000958       0x54 C:\Users\kurts\Documents\MCUXpressoIDE_10.1.1_606\workspace\lpc_chip_175x_6x\Debug\liblpc_chip_175x_6x.a(clock_17xx_40xx.o)
                0x00000958                Chip_Clock_GetMainPLLOutClockRate
 .text.Chip_Clock_GetMainClockRate
                0x000009ac       0x28 C:\Users\kurts\Documents\MCUXpressoIDE_10.1.1_606\workspace\lpc_chip_175x_6x\Debug\liblpc_chip_175x_6x.a(clock_17xx_40xx.o)
                0x000009ac                Chip_Clock_GetMainClockRate
 .text.Chip_Clock_GetSystemClockRate
                0x000009d4       0x18 C:\Users\kurts\Documents\MCUXpressoIDE_10.1.1_606\workspace\lpc_chip_175x_6x\Debug\liblpc_chip_175x_6x.a(clock_17xx_40xx.o)
                0x000009d4                Chip_Clock_GetSystemClockRate
 .text.Chip_Clock_GetPeripheralClockRate
                0x000009ec       0x26 C:\Users\kurts\Documents\MCUXpressoIDE_10.1.1_606\workspace\lpc_chip_175x_6x\Debug\liblpc_chip_175x_6x.a(clock_17xx_40xx.o)
                0x000009ec                Chip_Clock_GetPeripheralClockRate
 .text.Chip_IOCON_PinMuxSet
                0x00000a12       0x36 C:\Users\kurts\Documents\MCUXpressoIDE_10.1.1_606\workspace\lpc_chip_175x_6x\Debug\liblpc_chip_175x_6x.a(iocon_17xx_40xx.o)
                0x00000a12                Chip_IOCON_PinMuxSet
 .text.Chip_IOCON_PinMux
                0x00000a48       0x92 C:\Users\kurts\Documents\MCUXpressoIDE_10.1.1_606\workspace\lpc_chip_175x_6x\Debug\liblpc_chip_175x_6x.a(iocon_17xx_40xx.o)
                0x00000a48                Chip_IOCON_PinMux
 .text.Chip_IOCON_SetPinMuxing
                0x00000ada       0x62 C:\Users\kurts\Documents\MCUXpressoIDE_10.1.1_606\workspace\lpc_chip_175x_6x\Debug\liblpc_chip_175x_6x.a(iocon_17xx_40xx.o)
                0x00000ada                Chip_IOCON_SetPinMuxing
 .text.Chip_Clock_IsMainPLLEnabled
                0x00000b3c       0x24 C:\Users\kurts\Documents\MCUXpressoIDE_10.1.1_606\workspace\lpc_chip_175x_6x\Debug\liblpc_chip_175x_6x.a(sysinit_17xx_40xx.o)
 .text.Chip_Clock_IsMainPLLLocked
                0x00000b60       0x24 C:\Users\kurts\Documents\MCUXpressoIDE_10.1.1_606\workspace\lpc_chip_175x_6x\Debug\liblpc_chip_175x_6x.a(sysinit_17xx_40xx.o)
 .text.Chip_Clock_IsMainPLLConnected
                0x00000b84       0x24 C:\Users\kurts\Documents\MCUXpressoIDE_10.1.1_606\workspace\lpc_chip_175x_6x\Debug\liblpc_chip_175x_6x.a(sysinit_17xx_40xx.o)
 .text.Chip_Clock_EnableCrystal
                0x00000ba8       0x20 C:\Users\kurts\Documents\MCUXpressoIDE_10.1.1_606\workspace\lpc_chip_175x_6x\Debug\liblpc_chip_175x_6x.a(sysinit_17xx_40xx.o)
 .text.Chip_Clock_IsCrystalEnabled
                0x00000bc8       0x24 C:\Users\kurts\Documents\MCUXpressoIDE_10.1.1_606\workspace\lpc_chip_175x_6x\Debug\liblpc_chip_175x_6x.a(sysinit_17xx_40xx.o)
 .text.Chip_Clock_SetMainPLLSource
                0x00000bec       0x20 C:\Users\kurts\Documents\MCUXpressoIDE_10.1.1_606\workspace\lpc_chip_175x_6x\Debug\liblpc_chip_175x_6x.a(sysinit_17xx_40xx.o)
 .text.Chip_SetupXtalClocking
                0x00000c0c       0x90 C:\Users\kurts\Documents\MCUXpressoIDE_10.1.1_606\workspace\lpc_chip_175x_6x\Debug\liblpc_chip_175x_6x.a(sysinit_17xx_40xx.o)
                0x00000c0c                Chip_SetupXtalClocking
 .text.Chip_UART_SetupFIFOS
                0x00000c9c       0x1a C:\Users\kurts\Documents\MCUXpressoIDE_10.1.1_606\workspace\lpc_chip_175x_6x\Debug\liblpc_chip_175x_6x.a(uart_17xx_40xx.o)
 .text.Chip_UART_ConfigData
                0x00000cb6       0x1a C:\Users\kurts\Documents\MCUXpressoIDE_10.1.1_606\workspace\lpc_chip_175x_6x\Debug\liblpc_chip_175x_6x.a(uart_17xx_40xx.o)
 .text.Chip_UART_EnableDivisorAccess
                0x00000cd0       0x1e C:\Users\kurts\Documents\MCUXpressoIDE_10.1.1_606\workspace\lpc_chip_175x_6x\Debug\liblpc_chip_175x_6x.a(uart_17xx_40xx.o)
 .text.Chip_UART_DisableDivisorAccess
                0x00000cee       0x1e C:\Users\kurts\Documents\MCUXpressoIDE_10.1.1_606\workspace\lpc_chip_175x_6x\Debug\liblpc_chip_175x_6x.a(uart_17xx_40xx.o)
 .text.Chip_UART_SetDivisorLatches
                0x00000d0c       0x26 C:\Users\kurts\Documents\MCUXpressoIDE_10.1.1_606\workspace\lpc_chip_175x_6x\Debug\liblpc_chip_175x_6x.a(uart_17xx_40xx.o)
 *fill*         0x00000d32        0x2 ff
 .text.Chip_UART_GetClockIndex
                0x00000d34       0x50 C:\Users\kurts\Documents\MCUXpressoIDE_10.1.1_606\workspace\lpc_chip_175x_6x\Debug\liblpc_chip_175x_6x.a(uart_17xx_40xx.o)
 .text.Chip_UART_GetClkIndex
                0x00000d84       0x50 C:\Users\kurts\Documents\MCUXpressoIDE_10.1.1_606\workspace\lpc_chip_175x_6x\Debug\liblpc_chip_175x_6x.a(uart_17xx_40xx.o)
 .text.Chip_UART_Init
                0x00000dd4       0x78 C:\Users\kurts\Documents\MCUXpressoIDE_10.1.1_606\workspace\lpc_chip_175x_6x\Debug\liblpc_chip_175x_6x.a(uart_17xx_40xx.o)
                0x00000dd4                Chip_UART_Init
 .text.Chip_UART_TXEnable
                0x00000e4c       0x18 C:\Users\kurts\Documents\MCUXpressoIDE_10.1.1_606\workspace\lpc_chip_175x_6x\Debug\liblpc_chip_175x_6x.a(uart_17xx_40xx.o)
                0x00000e4c                Chip_UART_TXEnable
 .text.Chip_UART_TXDisable
                0x00000e64       0x18 C:\Users\kurts\Documents\MCUXpressoIDE_10.1.1_606\workspace\lpc_chip_175x_6x\Debug\liblpc_chip_175x_6x.a(uart_17xx_40xx.o)
                0x00000e64                Chip_UART_TXDisable
 .text.Chip_UART_SetBaud
                0x00000e7c       0x62 C:\Users\kurts\Documents\MCUXpressoIDE_10.1.1_606\workspace\lpc_chip_175x_6x\Debug\liblpc_chip_175x_6x.a(uart_17xx_40xx.o)
                0x00000e7c                Chip_UART_SetBaud
 *fill*         0x00000ede        0x2 ff
 .text.__libc_init_array
                0x00000ee0       0x50 c:/nxp/mcuxpressoide_10.1.1_606/ide/tools/bin/../lib/gcc/arm-none-eabi/6.3.1/../../../../arm-none-eabi/lib/thumb/v7-m\libc.a(lib_a-init.o)
                0x00000ee0                __libc_init_array
 .text.malloc   0x00000f30       0x10 c:/nxp/mcuxpressoide_10.1.1_606/ide/tools/bin/../lib/gcc/arm-none-eabi/6.3.1/../../../../arm-none-eabi/lib/thumb/v7-m\libc.a(lib_a-malloc.o)
                0x00000f30                malloc
 .text._malloc_r
                0x00000f40      0x544 c:/nxp/mcuxpressoide_10.1.1_606/ide/tools/bin/../lib/gcc/arm-none-eabi/6.3.1/../../../../arm-none-eabi/lib/thumb/v7-m\libc.a(lib_a-mallocr.o)
                0x00000f40                _malloc_r
 .text.__malloc_lock
                0x00001484        0xc c:/nxp/mcuxpressoide_10.1.1_606/ide/tools/bin/../lib/gcc/arm-none-eabi/6.3.1/../../../../arm-none-eabi/lib/thumb/v7-m\libc.a(lib_a-mlock.o)
                0x00001484                __malloc_lock
 .text.__malloc_unlock
                0x00001490        0xc c:/nxp/mcuxpressoide_10.1.1_606/ide/tools/bin/../lib/gcc/arm-none-eabi/6.3.1/../../../../arm-none-eabi/lib/thumb/v7-m\libc.a(lib_a-mlock.o)
                0x00001490                __malloc_unlock
 .text._sbrk_r  0x0000149c       0x24 c:/nxp/mcuxpressoide_10.1.1_606/ide/tools/bin/../lib/gcc/arm-none-eabi/6.3.1/../../../../arm-none-eabi/lib/thumb/v7-m\libc.a(lib_a-sbrkr.o)
                0x0000149c                _sbrk_r
 .text._malloc_trim_r
                0x000014c0       0xa0 c:/nxp/mcuxpressoide_10.1.1_606/ide/tools/bin/../lib/gcc/arm-none-eabi/6.3.1/../../../../arm-none-eabi/lib/thumb/v7-m\libc.a(lib_a-freer.o)
                0x000014c0                _malloc_trim_r
 .text._free_r  0x00001560      0x1cc c:/nxp/mcuxpressoide_10.1.1_606/ide/tools/bin/../lib/gcc/arm-none-eabi/6.3.1/../../../../arm-none-eabi/lib/thumb/v7-m\libc.a(lib_a-freer.o)
                0x00001560                _free_r
 .text.__retarget_lock_acquire_recursive
                0x0000172c        0x4 c:/nxp/mcuxpressoide_10.1.1_606/ide/tools/bin/../lib/gcc/arm-none-eabi/6.3.1/../../../../arm-none-eabi/lib/thumb/v7-m\libc.a(lib_a-lock.o)
                0x0000172c                __retarget_lock_acquire_recursive
 .text.__retarget_lock_release_recursive
                0x00001730        0x4 c:/nxp/mcuxpressoide_10.1.1_606/ide/tools/bin/../lib/gcc/arm-none-eabi/6.3.1/../../../../arm-none-eabi/lib/thumb/v7-m\libc.a(lib_a-lock.o)
                0x00001730                __retarget_lock_release_recursive
 .text._sbrk    0x00001734       0x3c c:/nxp/mcuxpressoide_10.1.1_606/ide/tools/bin/../lib/gcc/arm-none-eabi/6.3.1/../../../../arm-none-eabi/lib/thumb/v7-m\libcr_newlib_nohost.a(_cr_sbrk.o)
                0x00001734                _sbrk
 .text.__check_heap_overflow
                0x00001770       0x18 c:/nxp/mcuxpressoide_10.1.1_606/ide/tools/bin/../lib/gcc/arm-none-eabi/6.3.1/../../../../arm-none-eabi/lib/thumb/v7-m\libcr_newlib_nohost.a(_cr_check_heap.o)
                0x00001770                __check_heap_overflow
 .text          0x00001788       0x6c c:/nxp/mcuxpressoide_10.1.1_606/ide/tools/bin/../lib/gcc/arm-none-eabi/6.3.1/thumb/v7-m\crtbegin.o
 .text.__errno  0x000017f4        0xc c:/nxp/mcuxpressoide_10.1.1_606/ide/tools/bin/../lib/gcc/arm-none-eabi/6.3.1/../../../../arm-none-eabi/lib/thumb/v7-m\libc.a(lib_a-errno.o)
                0x000017f4                __errno
 *(.rodata .rodata.* .constdata .constdata.*)
 .rodata.OscRateIn
                0x00001800        0x4 C:\Users\kurts\Documents\MCUXpressoIDE_10.1.1_606\workspace\lpc_board_nxp_lpcxpresso_1769\Debug\liblpc_board_nxp_lpcxpresso_1769.a(board.o)
                0x00001800                OscRateIn
 .rodata.RTCOscRateIn
                0x00001804        0x4 C:\Users\kurts\Documents\MCUXpressoIDE_10.1.1_606\workspace\lpc_board_nxp_lpcxpresso_1769\Debug\liblpc_board_nxp_lpcxpresso_1769.a(board.o)
                0x00001804                RTCOscRateIn
 .rodata.pinmuxing
                0x00001808       0x5c C:\Users\kurts\Documents\MCUXpressoIDE_10.1.1_606\workspace\lpc_board_nxp_lpcxpresso_1769\Debug\liblpc_board_nxp_lpcxpresso_1769.a(board_sysinit.o)
                0x00001864                . = ALIGN (0x4)
                0x00001864                . = ALIGN (0x4)
 *(.init)
 .init          0x00001864        0x4 c:/nxp/mcuxpressoide_10.1.1_606/ide/tools/bin/../lib/gcc/arm-none-eabi/6.3.1/thumb/v7-m\crti.o
                0x00001864                _init
 .init          0x00001868        0x8 c:/nxp/mcuxpressoide_10.1.1_606/ide/tools/bin/../lib/gcc/arm-none-eabi/6.3.1/thumb/v7-m\crtn.o
                0x00001870                . = ALIGN (0x4)
                0x00001870                __preinit_array_start = .
 *(.preinit_array)
                0x00001870                __preinit_array_end = .
                0x00001870                . = ALIGN (0x4)
                0x00001870                __init_array_start = .
 *(SORT(.init_array.*))
 *(.init_array)
 .init_array    0x00001870        0x4 c:/nxp/mcuxpressoide_10.1.1_606/ide/tools/bin/../lib/gcc/arm-none-eabi/6.3.1/thumb/v7-m\crtbegin.o
                0x00001874                __init_array_end = .
 *(.fini)
 .fini          0x00001874        0x4 c:/nxp/mcuxpressoide_10.1.1_606/ide/tools/bin/../lib/gcc/arm-none-eabi/6.3.1/thumb/v7-m\crti.o
                0x00001874                _fini
 .fini          0x00001878        0x8 c:/nxp/mcuxpressoide_10.1.1_606/ide/tools/bin/../lib/gcc/arm-none-eabi/6.3.1/thumb/v7-m\crtn.o
                0x00001880                . = ALIGN (0x4)
 *crtbegin.o(.ctors)
 *(EXCLUDE_FILE(*crtend.o) .ctors)
 *(SORT(.ctors.*))
 *crtend.o(.ctors)
                0x00001880                . = ALIGN (0x4)
 *crtbegin.o(.dtors)
 *(EXCLUDE_FILE(*crtend.o) .dtors)
 *(SORT(.dtors.*))
 *crtend.o(.dtors)
                0x00001880                . = ALIGN (0x4)

.glue_7         0x00001880        0x0
 .glue_7        0x00001880        0x0 linker stubs

.glue_7t        0x00001880        0x0
 .glue_7t       0x00001880        0x0 linker stubs

.vfp11_veneer   0x00001880        0x0
 .vfp11_veneer  0x00001880        0x0 linker stubs

.v4_bx          0x00001880        0x0
 .v4_bx         0x00001880        0x0 linker stubs

.iplt           0x00001880        0x0
 .iplt          0x00001880        0x0 ./src/cr_cpp_config.o

.rel.dyn        0x00001880        0x0
 .rel.iplt      0x00001880        0x0 ./src/cr_cpp_config.o

.eh_frame       0x00001880        0x0
 .eh_frame      0x00001880        0x0 c:/nxp/mcuxpressoide_10.1.1_606/ide/tools/bin/../lib/gcc/arm-none-eabi/6.3.1/thumb/v7-m\crtbegin.o

.ARM.extab
 *(.ARM.extab* .gnu.linkonce.armextab.*)
                0x00001880                __exidx_start = .

.ARM.exidx
 *(.ARM.exidx* .gnu.linkonce.armexidx.*)
                0x00001880                __exidx_end = .
                0x00001880                _etext = .

.data_RAM2      0x2007c000        0x0 load address 0x00001880
 FILL mask 0xff
                [!provide]                PROVIDE (__start_data_RAM2, .)
 *(.ramfunc.$RAM2)
 *(.ramfunc.$RamAHB32)
 *(.data.$RAM2*)
 *(.data.$RamAHB32*)
                0x2007c000                . = ALIGN (0x4)
                [!provide]                PROVIDE (__end_data_RAM2, .)

.uninit_RESERVED
                0x10000000        0x0
 *(.bss.$RESERVED*)
                0x10000000                . = ALIGN (0x4)
                0x10000000                _end_uninit_RESERVED = .

.data           0x10000000      0x840 load address 0x00001880
 FILL mask 0xff
                0x10000000                _data = .
 *(vtable)
 *(.ramfunc*)
 *(.data*)
 .data.__malloc_av_
                0x10000000      0x408 c:/nxp/mcuxpressoide_10.1.1_606/ide/tools/bin/../lib/gcc/arm-none-eabi/6.3.1/../../../../arm-none-eabi/lib/thumb/v7-m\libc.a(lib_a-mallocr.o)
                0x10000000                __malloc_av_
 .data.__malloc_sbrk_base
                0x10000408        0x4 c:/nxp/mcuxpressoide_10.1.1_606/ide/tools/bin/../lib/gcc/arm-none-eabi/6.3.1/../../../../arm-none-eabi/lib/thumb/v7-m\libc.a(lib_a-mallocr.o)
                0x10000408                __malloc_sbrk_base
 .data.__malloc_trim_threshold
                0x1000040c        0x4 c:/nxp/mcuxpressoide_10.1.1_606/ide/tools/bin/../lib/gcc/arm-none-eabi/6.3.1/../../../../arm-none-eabi/lib/thumb/v7-m\libc.a(lib_a-mallocr.o)
                0x1000040c                __malloc_trim_threshold
 .data._impure_ptr
                0x10000410        0x4 c:/nxp/mcuxpressoide_10.1.1_606/ide/tools/bin/../lib/gcc/arm-none-eabi/6.3.1/../../../../arm-none-eabi/lib/thumb/v7-m\libc.a(lib_a-impure.o)
                0x10000410                _impure_ptr
 *fill*         0x10000414        0x4 ff
 .data.impure_data
                0x10000418      0x428 c:/nxp/mcuxpressoide_10.1.1_606/ide/tools/bin/../lib/gcc/arm-none-eabi/6.3.1/../../../../arm-none-eabi/lib/thumb/v7-m\libc.a(lib_a-impure.o)
                0x10000840                . = ALIGN (0x4)
                0x10000840                _edata = .

.igot.plt       0x10000840        0x0 load address 0x000020c0
 .igot.plt      0x10000840        0x0 ./src/cr_cpp_config.o

.jcr            0x10000840        0x0 load address 0x000020c0
 .jcr           0x10000840        0x0 c:/nxp/mcuxpressoide_10.1.1_606/ide/tools/bin/../lib/gcc/arm-none-eabi/6.3.1/thumb/v7-m\crtbegin.o

.bss_RAM2       0x2007c000        0x0
                [!provide]                PROVIDE (__start_bss_RAM2, .)
 *(.bss.$RAM2*)
 *(.bss.$RamAHB32*)
                0x2007c000                . = ALIGN ((. != 0x0)?0x4:0x1)
                [!provide]                PROVIDE (__end_bss_RAM2, .)

.bss            0x10000840       0x84
                0x10000840                _bss = .
 *(.bss*)
 .bss._ZZ4mainE1i
                0x10000840        0x4 ./src/main.o
 .bss.__malloc_current_mallinfo
                0x10000844       0x28 c:/nxp/mcuxpressoide_10.1.1_606/ide/tools/bin/../lib/gcc/arm-none-eabi/6.3.1/../../../../arm-none-eabi/lib/thumb/v7-m\libc.a(lib_a-mallocr.o)
                0x10000844                __malloc_current_mallinfo
 .bss.__malloc_max_sbrked_mem
                0x1000086c        0x4 c:/nxp/mcuxpressoide_10.1.1_606/ide/tools/bin/../lib/gcc/arm-none-eabi/6.3.1/../../../../arm-none-eabi/lib/thumb/v7-m\libc.a(lib_a-mallocr.o)
                0x1000086c                __malloc_max_sbrked_mem
 .bss.__malloc_max_total_mem
                0x10000870        0x4 c:/nxp/mcuxpressoide_10.1.1_606/ide/tools/bin/../lib/gcc/arm-none-eabi/6.3.1/../../../../arm-none-eabi/lib/thumb/v7-m\libc.a(lib_a-mallocr.o)
                0x10000870                __malloc_max_total_mem
 .bss.__malloc_top_pad
                0x10000874        0x4 c:/nxp/mcuxpressoide_10.1.1_606/ide/tools/bin/../lib/gcc/arm-none-eabi/6.3.1/../../../../arm-none-eabi/lib/thumb/v7-m\libc.a(lib_a-mallocr.o)
                0x10000874                __malloc_top_pad
 .bss.__end_of_heap
                0x10000878        0x4 c:/nxp/mcuxpressoide_10.1.1_606/ide/tools/bin/../lib/gcc/arm-none-eabi/6.3.1/../../../../arm-none-eabi/lib/thumb/v7-m\libcr_newlib_nohost.a(_cr_sbrk.o)
                0x10000878                __end_of_heap
 .bss           0x1000087c       0x1c c:/nxp/mcuxpressoide_10.1.1_606/ide/tools/bin/../lib/gcc/arm-none-eabi/6.3.1/thumb/v7-m\crtbegin.o
 *(COMMON)
 COMMON         0x10000898        0x4 C:\Users\kurts\Documents\MCUXpressoIDE_10.1.1_606\workspace\lpc_chip_175x_6x\Debug\liblpc_chip_175x_6x.a(chip_17xx_40xx.o)
                0x10000898                SystemCoreClock
 COMMON         0x1000089c       0x21 c:/nxp/mcuxpressoide_10.1.1_606/ide/tools/bin/../lib/gcc/arm-none-eabi/6.3.1/../../../../arm-none-eabi/lib/thumb/v7-m\libc.a(lib_a-lock.o)
                0x1000089c                __lock___atexit_recursive_mutex
                0x100008a0                __lock___arc4random_mutex
                0x100008a4                __lock___env_recursive_mutex
                0x100008a8                __lock___sinit_recursive_mutex
                0x100008ac                __lock___malloc_recursive_mutex
                0x100008b0                __lock___at_quick_exit_mutex
                0x100008b4                __lock___dd_hash_mutex
                0x100008b8                __lock___tz_mutex
                0x100008bc                __lock___sfp_recursive_mutex
 *fill*         0x100008bd        0x3 
 COMMON         0x100008c0        0x4 c:/nxp/mcuxpressoide_10.1.1_606/ide/tools/bin/../lib/gcc/arm-none-eabi/6.3.1/../../../../arm-none-eabi/lib/thumb/v7-m\libc.a(lib_a-reent.o)
                0x100008c0                errno
                0x100008c4                . = ALIGN (0x4)
                0x100008c4                _ebss = .
                [!provide]                PROVIDE (end, .)

.noinit_RAM2    0x2007c000        0x0
 *(.noinit.$RAM2*)
 *(.noinit.$RamAHB32*)
                0x2007c000                . = ALIGN (0x4)

.noinit         0x100008c4        0x0
                0x100008c4                _noinit = .
 *(.noinit*)
                0x100008c4                . = ALIGN (0x4)
                0x100008c4                _end_noinit = .
                0x100008c4                PROVIDE (_pvHeapStart, DEFINED (__user_heap_base)?__user_heap_base:.)
                0x10008000                PROVIDE (_vStackTop, DEFINED (__user_stack_top)?__user_stack_top:(__top_RamLoc32 - 0x0))
                0xefff74ca                PROVIDE (__valid_user_code_checksum, (0x0 - ((((((_vStackTop + (ResetISR + 0x1)) + (NMI_Handler + 0x1)) + (HardFault_Handler + 0x1)) + (DEFINED (MemManage_Handler)?MemManage_Handler:0x0 + 0x1)) + (DEFINED (BusFault_Handler)?BusFault_Handler:0x0 + 0x1)) + (DEFINED (UsageFault_Handler)?UsageFault_Handler:0x0 + 0x1))))
                0x00000000                _image_start = LOADADDR (.text)
                0x000020c0                _image_end = (LOADADDR (.data) + SIZEOF (.data))
                0x000020c0                _image_size = (_image_end - _image_start)
OUTPUT(WirelessCharging.axf elf32-littlearm)

.debug_info     0x00000000     0x7563
 .debug_info    0x00000000     0x10b9 ./src/cr_cpp_config.o
 .debug_info    0x000010b9      0x25f ./src/cr_startup_lpc175x_6x.o
 .debug_info    0x00001318      0x11b ./src/main.o
 .debug_info    0x00001433      0x93b ./src/sysinit.o
 .debug_info    0x00001d6e      0xaa6 ./inc/Charger.o
 .debug_info    0x00002814     0x150a C:\Users\kurts\Documents\MCUXpressoIDE_10.1.1_606\workspace\lpc_board_nxp_lpcxpresso_1769\Debug\liblpc_board_nxp_lpcxpresso_1769.a(board.o)
 .debug_info    0x00003d1e      0x6c5 C:\Users\kurts\Documents\MCUXpressoIDE_10.1.1_606\workspace\lpc_board_nxp_lpcxpresso_1769\Debug\liblpc_board_nxp_lpcxpresso_1769.a(board_sysinit.o)
 .debug_info    0x000043e3      0x55a C:\Users\kurts\Documents\MCUXpressoIDE_10.1.1_606\workspace\lpc_chip_175x_6x\Debug\liblpc_chip_175x_6x.a(chip_17xx_40xx.o)
 .debug_info    0x0000493d      0xba2 C:\Users\kurts\Documents\MCUXpressoIDE_10.1.1_606\workspace\lpc_chip_175x_6x\Debug\liblpc_chip_175x_6x.a(clock_17xx_40xx.o)
 .debug_info    0x000054df      0x325 C:\Users\kurts\Documents\MCUXpressoIDE_10.1.1_606\workspace\lpc_chip_175x_6x\Debug\liblpc_chip_175x_6x.a(iocon_17xx_40xx.o)
 .debug_info    0x00005804      0x479 C:\Users\kurts\Documents\MCUXpressoIDE_10.1.1_606\workspace\lpc_chip_175x_6x\Debug\liblpc_chip_175x_6x.a(sysinit_17xx_40xx.o)
 .debug_info    0x00005c7d      0xf16 C:\Users\kurts\Documents\MCUXpressoIDE_10.1.1_606\workspace\lpc_chip_175x_6x\Debug\liblpc_chip_175x_6x.a(uart_17xx_40xx.o)
 .debug_info    0x00006b93      0x966 c:/nxp/mcuxpressoide_10.1.1_606/ide/tools/bin/../lib/gcc/arm-none-eabi/6.3.1/../../../../arm-none-eabi/lib/thumb/v7-m\libcr_newlib_nohost.a(_cr_sbrk.o)
 .debug_info    0x000074f9       0x6a c:/nxp/mcuxpressoide_10.1.1_606/ide/tools/bin/../lib/gcc/arm-none-eabi/6.3.1/../../../../arm-none-eabi/lib/thumb/v7-m\libcr_newlib_nohost.a(_cr_check_heap.o)

.debug_abbrev   0x00000000     0x1b3c
 .debug_abbrev  0x00000000      0x332 ./src/cr_cpp_config.o
 .debug_abbrev  0x00000332      0x10e ./src/cr_startup_lpc175x_6x.o
 .debug_abbrev  0x00000440       0xd4 ./src/main.o
 .debug_abbrev  0x00000514      0x1c0 ./src/sysinit.o
 .debug_abbrev  0x000006d4      0x275 ./inc/Charger.o
 .debug_abbrev  0x00000949      0x3c2 C:\Users\kurts\Documents\MCUXpressoIDE_10.1.1_606\workspace\lpc_board_nxp_lpcxpresso_1769\Debug\liblpc_board_nxp_lpcxpresso_1769.a(board.o)
 .debug_abbrev  0x00000d0b      0x17e C:\Users\kurts\Documents\MCUXpressoIDE_10.1.1_606\workspace\lpc_board_nxp_lpcxpresso_1769\Debug\liblpc_board_nxp_lpcxpresso_1769.a(board_sysinit.o)
 .debug_abbrev  0x00000e89      0x14d C:\Users\kurts\Documents\MCUXpressoIDE_10.1.1_606\workspace\lpc_chip_175x_6x\Debug\liblpc_chip_175x_6x.a(chip_17xx_40xx.o)
 .debug_abbrev  0x00000fd6      0x301 C:\Users\kurts\Documents\MCUXpressoIDE_10.1.1_606\workspace\lpc_chip_175x_6x\Debug\liblpc_chip_175x_6x.a(clock_17xx_40xx.o)
 .debug_abbrev  0x000012d7      0x14a C:\Users\kurts\Documents\MCUXpressoIDE_10.1.1_606\workspace\lpc_chip_175x_6x\Debug\liblpc_chip_175x_6x.a(iocon_17xx_40xx.o)
 .debug_abbrev  0x00001421      0x18a C:\Users\kurts\Documents\MCUXpressoIDE_10.1.1_606\workspace\lpc_chip_175x_6x\Debug\liblpc_chip_175x_6x.a(sysinit_17xx_40xx.o)
 .debug_abbrev  0x000015ab      0x30c C:\Users\kurts\Documents\MCUXpressoIDE_10.1.1_606\workspace\lpc_chip_175x_6x\Debug\liblpc_chip_175x_6x.a(uart_17xx_40xx.o)
 .debug_abbrev  0x000018b7      0x223 c:/nxp/mcuxpressoide_10.1.1_606/ide/tools/bin/../lib/gcc/arm-none-eabi/6.3.1/../../../../arm-none-eabi/lib/thumb/v7-m\libcr_newlib_nohost.a(_cr_sbrk.o)
 .debug_abbrev  0x00001ada       0x62 c:/nxp/mcuxpressoide_10.1.1_606/ide/tools/bin/../lib/gcc/arm-none-eabi/6.3.1/../../../../arm-none-eabi/lib/thumb/v7-m\libcr_newlib_nohost.a(_cr_check_heap.o)

.debug_aranges  0x00000000      0x630
 .debug_aranges
                0x00000000       0x48 ./src/cr_cpp_config.o
 .debug_aranges
                0x00000048       0x80 ./src/cr_startup_lpc175x_6x.o
 .debug_aranges
                0x000000c8       0x20 ./src/main.o
 .debug_aranges
                0x000000e8       0x20 ./src/sysinit.o
 .debug_aranges
                0x00000108       0x40 ./inc/Charger.o
 .debug_aranges
                0x00000148      0x160 C:\Users\kurts\Documents\MCUXpressoIDE_10.1.1_606\workspace\lpc_board_nxp_lpcxpresso_1769\Debug\liblpc_board_nxp_lpcxpresso_1769.a(board.o)
 .debug_aranges
                0x000002a8       0x38 C:\Users\kurts\Documents\MCUXpressoIDE_10.1.1_606\workspace\lpc_board_nxp_lpcxpresso_1769\Debug\liblpc_board_nxp_lpcxpresso_1769.a(board_sysinit.o)
 .debug_aranges
                0x000002e0       0x38 C:\Users\kurts\Documents\MCUXpressoIDE_10.1.1_606\workspace\lpc_chip_175x_6x\Debug\liblpc_chip_175x_6x.a(chip_17xx_40xx.o)
 .debug_aranges
                0x00000318      0x120 C:\Users\kurts\Documents\MCUXpressoIDE_10.1.1_606\workspace\lpc_chip_175x_6x\Debug\liblpc_chip_175x_6x.a(clock_17xx_40xx.o)
 .debug_aranges
                0x00000438       0x30 C:\Users\kurts\Documents\MCUXpressoIDE_10.1.1_606\workspace\lpc_chip_175x_6x\Debug\liblpc_chip_175x_6x.a(iocon_17xx_40xx.o)
 .debug_aranges
                0x00000468       0x60 C:\Users\kurts\Documents\MCUXpressoIDE_10.1.1_606\workspace\lpc_chip_175x_6x\Debug\liblpc_chip_175x_6x.a(sysinit_17xx_40xx.o)
 .debug_aranges
                0x000004c8      0x128 C:\Users\kurts\Documents\MCUXpressoIDE_10.1.1_606\workspace\lpc_chip_175x_6x\Debug\liblpc_chip_175x_6x.a(uart_17xx_40xx.o)
 .debug_aranges
                0x000005f0       0x20 c:/nxp/mcuxpressoide_10.1.1_606/ide/tools/bin/../lib/gcc/arm-none-eabi/6.3.1/../../../../arm-none-eabi/lib/thumb/v7-m\libcr_newlib_nohost.a(_cr_sbrk.o)
 .debug_aranges
                0x00000610       0x20 c:/nxp/mcuxpressoide_10.1.1_606/ide/tools/bin/../lib/gcc/arm-none-eabi/6.3.1/../../../../arm-none-eabi/lib/thumb/v7-m\libcr_newlib_nohost.a(_cr_check_heap.o)

.debug_ranges   0x00000000      0x550
 .debug_ranges  0x00000000       0x38 ./src/cr_cpp_config.o
 .debug_ranges  0x00000038       0x70 ./src/cr_startup_lpc175x_6x.o
 .debug_ranges  0x000000a8       0x10 ./src/main.o
 .debug_ranges  0x000000b8       0x10 ./src/sysinit.o
 .debug_ranges  0x000000c8       0x30 ./inc/Charger.o
 .debug_ranges  0x000000f8      0x150 C:\Users\kurts\Documents\MCUXpressoIDE_10.1.1_606\workspace\lpc_board_nxp_lpcxpresso_1769\Debug\liblpc_board_nxp_lpcxpresso_1769.a(board.o)
 .debug_ranges  0x00000248       0x28 C:\Users\kurts\Documents\MCUXpressoIDE_10.1.1_606\workspace\lpc_board_nxp_lpcxpresso_1769\Debug\liblpc_board_nxp_lpcxpresso_1769.a(board_sysinit.o)
 .debug_ranges  0x00000270       0x28 C:\Users\kurts\Documents\MCUXpressoIDE_10.1.1_606\workspace\lpc_chip_175x_6x\Debug\liblpc_chip_175x_6x.a(chip_17xx_40xx.o)
 .debug_ranges  0x00000298      0x110 C:\Users\kurts\Documents\MCUXpressoIDE_10.1.1_606\workspace\lpc_chip_175x_6x\Debug\liblpc_chip_175x_6x.a(clock_17xx_40xx.o)
 .debug_ranges  0x000003a8       0x20 C:\Users\kurts\Documents\MCUXpressoIDE_10.1.1_606\workspace\lpc_chip_175x_6x\Debug\liblpc_chip_175x_6x.a(iocon_17xx_40xx.o)
 .debug_ranges  0x000003c8       0x50 C:\Users\kurts\Documents\MCUXpressoIDE_10.1.1_606\workspace\lpc_chip_175x_6x\Debug\liblpc_chip_175x_6x.a(sysinit_17xx_40xx.o)
 .debug_ranges  0x00000418      0x118 C:\Users\kurts\Documents\MCUXpressoIDE_10.1.1_606\workspace\lpc_chip_175x_6x\Debug\liblpc_chip_175x_6x.a(uart_17xx_40xx.o)
 .debug_ranges  0x00000530       0x10 c:/nxp/mcuxpressoide_10.1.1_606/ide/tools/bin/../lib/gcc/arm-none-eabi/6.3.1/../../../../arm-none-eabi/lib/thumb/v7-m\libcr_newlib_nohost.a(_cr_sbrk.o)
 .debug_ranges  0x00000540       0x10 c:/nxp/mcuxpressoide_10.1.1_606/ide/tools/bin/../lib/gcc/arm-none-eabi/6.3.1/../../../../arm-none-eabi/lib/thumb/v7-m\libcr_newlib_nohost.a(_cr_check_heap.o)

.debug_macro    0x00000000     0x8435
 .debug_macro   0x00000000      0x132 ./src/cr_cpp_config.o
 .debug_macro   0x00000132      0x9a0 ./src/cr_cpp_config.o
 .debug_macro   0x00000ad2      0x143 ./src/cr_cpp_config.o
 .debug_macro   0x00000c15       0x10 ./src/cr_cpp_config.o
 .debug_macro   0x00000c25      0x3ca ./src/cr_cpp_config.o
 .debug_macro   0x00000fef       0x10 ./src/cr_cpp_config.o
 .debug_macro   0x00000fff       0x22 ./src/cr_cpp_config.o
 .debug_macro   0x00001021       0x52 ./src/cr_cpp_config.o
 .debug_macro   0x00001073       0x8d ./src/cr_cpp_config.o
 .debug_macro   0x00001100       0x35 ./src/cr_cpp_config.o
 .debug_macro   0x00001135       0x9c ./src/cr_cpp_config.o
 .debug_macro   0x000011d1       0x16 ./src/cr_cpp_config.o
 .debug_macro   0x000011e7      0x10e ./src/cr_cpp_config.o
 .debug_macro   0x000012f5       0x94 ./src/cr_cpp_config.o
 .debug_macro   0x00001389       0x57 ./src/cr_cpp_config.o
 .debug_macro   0x000013e0       0x58 ./src/cr_cpp_config.o
 .debug_macro   0x00001438       0x1f ./src/cr_cpp_config.o
 .debug_macro   0x00001457       0x43 ./src/cr_cpp_config.o
 .debug_macro   0x0000149a       0x20 ./src/cr_cpp_config.o
 .debug_macro   0x000014ba      0x187 ./src/cr_cpp_config.o
 .debug_macro   0x00001641      0x353 ./src/cr_cpp_config.o
 .debug_macro   0x00001994       0x16 ./src/cr_cpp_config.o
 .debug_macro   0x000019aa       0x29 ./src/cr_cpp_config.o
 .debug_macro   0x000019d3       0xea ./src/cr_cpp_config.o
 .debug_macro   0x00001abd       0x1d ./src/cr_startup_lpc175x_6x.o
 .debug_macro   0x00001ada       0x1b ./src/main.o
 .debug_macro   0x00001af5      0x379 ./src/sysinit.o
 .debug_macro   0x00001e6e       0x87 ./src/sysinit.o
 .debug_macro   0x00001ef5       0x51 ./src/sysinit.o
 .debug_macro   0x00001f46       0xef ./src/sysinit.o
 .debug_macro   0x00002035       0x6a ./src/sysinit.o
 .debug_macro   0x0000209f      0x1df ./src/sysinit.o
 .debug_macro   0x0000227e       0x22 ./src/sysinit.o
 .debug_macro   0x000022a0       0x7b ./src/sysinit.o
 .debug_macro   0x0000231b       0x10 ./src/sysinit.o
 .debug_macro   0x0000232b       0x2d ./src/sysinit.o
 .debug_macro   0x00002358       0x3a ./src/sysinit.o
 .debug_macro   0x00002392       0x2d ./src/sysinit.o
 .debug_macro   0x000023bf      0xbb1 ./src/sysinit.o
 .debug_macro   0x00002f70      0x22c ./src/sysinit.o
 .debug_macro   0x0000319c       0x42 ./src/sysinit.o
 .debug_macro   0x000031de       0x52 ./src/sysinit.o
 .debug_macro   0x00003230       0x78 ./src/sysinit.o
 .debug_macro   0x000032a8       0x82 ./src/sysinit.o
 .debug_macro   0x0000332a      0x48c ./src/sysinit.o
 .debug_macro   0x000037b6       0x34 ./src/sysinit.o
 .debug_macro   0x000037ea      0x4c5 ./src/sysinit.o
 .debug_macro   0x00003caf      0x1b7 ./src/sysinit.o
 .debug_macro   0x00003e66       0x10 ./src/sysinit.o
 .debug_macro   0x00003e76      0x21b ./src/sysinit.o
 .debug_macro   0x00004091      0x1b9 ./src/sysinit.o
 .debug_macro   0x0000424a       0x40 ./src/sysinit.o
 .debug_macro   0x0000428a       0x22 ./src/sysinit.o
 .debug_macro   0x000042ac      0x162 ./src/sysinit.o
 .debug_macro   0x0000440e       0x94 ./src/sysinit.o
 .debug_macro   0x000044a2       0xb8 ./src/sysinit.o
 .debug_macro   0x0000455a       0x4c ./src/sysinit.o
 .debug_macro   0x000045a6       0x16 ./src/sysinit.o
 .debug_macro   0x000045bc      0x328 ./src/sysinit.o
 .debug_macro   0x000048e4       0x49 ./src/sysinit.o
 .debug_macro   0x0000492d       0x16 ./src/sysinit.o
 .debug_macro   0x00004943       0xca ./src/sysinit.o
 .debug_macro   0x00004a0d       0x18 ./src/sysinit.o
 .debug_macro   0x00004a25       0x70 ./src/sysinit.o
 .debug_macro   0x00004a95       0x58 ./src/sysinit.o
 .debug_macro   0x00004aed       0x9c ./src/sysinit.o
 .debug_macro   0x00004b89       0x16 ./src/sysinit.o
 .debug_macro   0x00004b9f       0x97 ./src/sysinit.o
 .debug_macro   0x00004c36      0x330 ./src/sysinit.o
 .debug_macro   0x00004f66       0xfd ./src/sysinit.o
 .debug_macro   0x00005063       0x10 ./src/sysinit.o
 .debug_macro   0x00005073       0x43 ./src/sysinit.o
 .debug_macro   0x000050b6       0x10 ./src/sysinit.o
 .debug_macro   0x000050c6       0x1c ./src/sysinit.o
 .debug_macro   0x000050e2       0x52 ./src/sysinit.o
 .debug_macro   0x00005134       0x40 ./src/sysinit.o
 .debug_macro   0x00005174       0x10 ./src/sysinit.o
 .debug_macro   0x00005184       0x40 ./src/sysinit.o
 .debug_macro   0x000051c4       0xd7 ./src/sysinit.o
 .debug_macro   0x0000529b       0x16 ./src/sysinit.o
 .debug_macro   0x000052b1      0x18b ./src/sysinit.o
 .debug_macro   0x0000543c       0x20 ./src/sysinit.o
 .debug_macro   0x0000545c       0x28 ./src/sysinit.o
 .debug_macro   0x00005484      0x391 ./inc/Charger.o
 .debug_macro   0x00005815       0x1c ./inc/Charger.o
 .debug_macro   0x00005831       0x16 ./inc/Charger.o
 .debug_macro   0x00005847      0xbb1 ./inc/Charger.o
 .debug_macro   0x000063f8       0x97 ./inc/Charger.o
 .debug_macro   0x0000648f      0x104 ./inc/Charger.o
 .debug_macro   0x00006593       0x82 ./inc/Charger.o
 .debug_macro   0x00006615      0x289 C:\Users\kurts\Documents\MCUXpressoIDE_10.1.1_606\workspace\lpc_board_nxp_lpcxpresso_1769\Debug\liblpc_board_nxp_lpcxpresso_1769.a(board.o)
 .debug_macro   0x0000689e      0x8c2 C:\Users\kurts\Documents\MCUXpressoIDE_10.1.1_606\workspace\lpc_board_nxp_lpcxpresso_1769\Debug\liblpc_board_nxp_lpcxpresso_1769.a(board.o)
 .debug_macro   0x00007160       0x10 C:\Users\kurts\Documents\MCUXpressoIDE_10.1.1_606\workspace\lpc_board_nxp_lpcxpresso_1769\Debug\liblpc_board_nxp_lpcxpresso_1769.a(board.o)
 .debug_macro   0x00007170      0x12d C:\Users\kurts\Documents\MCUXpressoIDE_10.1.1_606\workspace\lpc_board_nxp_lpcxpresso_1769\Debug\liblpc_board_nxp_lpcxpresso_1769.a(board.o)
 .debug_macro   0x0000729d      0x5b2 C:\Users\kurts\Documents\MCUXpressoIDE_10.1.1_606\workspace\lpc_board_nxp_lpcxpresso_1769\Debug\liblpc_board_nxp_lpcxpresso_1769.a(board.o)
 .debug_macro   0x0000784f       0x22 C:\Users\kurts\Documents\MCUXpressoIDE_10.1.1_606\workspace\lpc_board_nxp_lpcxpresso_1769\Debug\liblpc_board_nxp_lpcxpresso_1769.a(board.o)
 .debug_macro   0x00007871       0x9a C:\Users\kurts\Documents\MCUXpressoIDE_10.1.1_606\workspace\lpc_board_nxp_lpcxpresso_1769\Debug\liblpc_board_nxp_lpcxpresso_1769.a(board.o)
 .debug_macro   0x0000790b       0x12 C:\Users\kurts\Documents\MCUXpressoIDE_10.1.1_606\workspace\lpc_board_nxp_lpcxpresso_1769\Debug\liblpc_board_nxp_lpcxpresso_1769.a(board.o)
 .debug_macro   0x0000791d      0x217 C:\Users\kurts\Documents\MCUXpressoIDE_10.1.1_606\workspace\lpc_board_nxp_lpcxpresso_1769\Debug\liblpc_board_nxp_lpcxpresso_1769.a(board_sysinit.o)
 .debug_macro   0x00007b34      0x1cd C:\Users\kurts\Documents\MCUXpressoIDE_10.1.1_606\workspace\lpc_chip_175x_6x\Debug\liblpc_chip_175x_6x.a(chip_17xx_40xx.o)
 .debug_macro   0x00007d01      0x1cd C:\Users\kurts\Documents\MCUXpressoIDE_10.1.1_606\workspace\lpc_chip_175x_6x\Debug\liblpc_chip_175x_6x.a(clock_17xx_40xx.o)
 .debug_macro   0x00007ece      0x1cd C:\Users\kurts\Documents\MCUXpressoIDE_10.1.1_606\workspace\lpc_chip_175x_6x\Debug\liblpc_chip_175x_6x.a(iocon_17xx_40xx.o)
 .debug_macro   0x0000809b      0x1cd C:\Users\kurts\Documents\MCUXpressoIDE_10.1.1_606\workspace\lpc_chip_175x_6x\Debug\liblpc_chip_175x_6x.a(sysinit_17xx_40xx.o)
 .debug_macro   0x00008268      0x1cd C:\Users\kurts\Documents\MCUXpressoIDE_10.1.1_606\workspace\lpc_chip_175x_6x\Debug\liblpc_chip_175x_6x.a(uart_17xx_40xx.o)

.debug_line     0x00000000     0x3cbf
 .debug_line    0x00000000      0x392 ./src/cr_cpp_config.o
 .debug_line    0x00000392       0xd4 ./src/cr_startup_lpc175x_6x.o
 .debug_line    0x00000466       0x87 ./src/main.o
 .debug_line    0x000004ed      0x672 ./src/sysinit.o
 .debug_line    0x00000b5f      0x70d ./inc/Charger.o
 .debug_line    0x0000126c      0x852 C:\Users\kurts\Documents\MCUXpressoIDE_10.1.1_606\workspace\lpc_board_nxp_lpcxpresso_1769\Debug\liblpc_board_nxp_lpcxpresso_1769.a(board.o)
 .debug_line    0x00001abe      0x4d7 C:\Users\kurts\Documents\MCUXpressoIDE_10.1.1_606\workspace\lpc_board_nxp_lpcxpresso_1769\Debug\liblpc_board_nxp_lpcxpresso_1769.a(board_sysinit.o)
 .debug_line    0x00001f95      0x457 C:\Users\kurts\Documents\MCUXpressoIDE_10.1.1_606\workspace\lpc_chip_175x_6x\Debug\liblpc_chip_175x_6x.a(chip_17xx_40xx.o)
 .debug_line    0x000023ec      0x6d3 C:\Users\kurts\Documents\MCUXpressoIDE_10.1.1_606\workspace\lpc_chip_175x_6x\Debug\liblpc_chip_175x_6x.a(clock_17xx_40xx.o)
 .debug_line    0x00002abf      0x443 C:\Users\kurts\Documents\MCUXpressoIDE_10.1.1_606\workspace\lpc_chip_175x_6x\Debug\liblpc_chip_175x_6x.a(iocon_17xx_40xx.o)
 .debug_line    0x00002f02      0x4cd C:\Users\kurts\Documents\MCUXpressoIDE_10.1.1_606\workspace\lpc_chip_175x_6x\Debug\liblpc_chip_175x_6x.a(sysinit_17xx_40xx.o)
 .debug_line    0x000033cf      0x77f C:\Users\kurts\Documents\MCUXpressoIDE_10.1.1_606\workspace\lpc_chip_175x_6x\Debug\liblpc_chip_175x_6x.a(uart_17xx_40xx.o)
 .debug_line    0x00003b4e      0x125 c:/nxp/mcuxpressoide_10.1.1_606/ide/tools/bin/../lib/gcc/arm-none-eabi/6.3.1/../../../../arm-none-eabi/lib/thumb/v7-m\libcr_newlib_nohost.a(_cr_sbrk.o)
 .debug_line    0x00003c73       0x4c c:/nxp/mcuxpressoide_10.1.1_606/ide/tools/bin/../lib/gcc/arm-none-eabi/6.3.1/../../../../arm-none-eabi/lib/thumb/v7-m\libcr_newlib_nohost.a(_cr_check_heap.o)

.debug_str      0x00000000    0x19f68
 .debug_str     0x00000000     0x7393 ./src/cr_cpp_config.o
                               0x75a8 (size before relaxing)
 .debug_str     0x00007393      0x1f6 ./src/cr_startup_lpc175x_6x.o
                               0x2b4f (size before relaxing)
 .debug_str     0x00007589       0xb7 ./src/main.o
                               0x2a08 (size before relaxing)
 .debug_str     0x00007640     0xe9ae ./src/sysinit.o
                              0x1410f (size before relaxing)
 .debug_str     0x00015fee      0x4e1 ./inc/Charger.o
                              0x14ab2 (size before relaxing)
 .debug_str     0x000164cf     0x28a3 C:\Users\kurts\Documents\MCUXpressoIDE_10.1.1_606\workspace\lpc_board_nxp_lpcxpresso_1769\Debug\liblpc_board_nxp_lpcxpresso_1769.a(board.o)
                              0x11a19 (size before relaxing)
 .debug_str     0x00018d72      0x22d C:\Users\kurts\Documents\MCUXpressoIDE_10.1.1_606\workspace\lpc_board_nxp_lpcxpresso_1769\Debug\liblpc_board_nxp_lpcxpresso_1769.a(board_sysinit.o)
                              0x10f53 (size before relaxing)
 .debug_str     0x00018f9f       0xc6 C:\Users\kurts\Documents\MCUXpressoIDE_10.1.1_606\workspace\lpc_chip_175x_6x\Debug\liblpc_chip_175x_6x.a(chip_17xx_40xx.o)
                              0x10ba3 (size before relaxing)
 .debug_str     0x00019065      0x851 C:\Users\kurts\Documents\MCUXpressoIDE_10.1.1_606\workspace\lpc_chip_175x_6x\Debug\liblpc_chip_175x_6x.a(clock_17xx_40xx.o)
                              0x11221 (size before relaxing)
 .debug_str     0x000198b6       0x79 C:\Users\kurts\Documents\MCUXpressoIDE_10.1.1_606\workspace\lpc_chip_175x_6x\Debug\liblpc_chip_175x_6x.a(iocon_17xx_40xx.o)
                              0x1069e (size before relaxing)
 .debug_str     0x0001992f       0xc4 C:\Users\kurts\Documents\MCUXpressoIDE_10.1.1_606\workspace\lpc_chip_175x_6x\Debug\liblpc_chip_175x_6x.a(sysinit_17xx_40xx.o)
                              0x10886 (size before relaxing)
 .debug_str     0x000199f3      0x3ba C:\Users\kurts\Documents\MCUXpressoIDE_10.1.1_606\workspace\lpc_chip_175x_6x\Debug\liblpc_chip_175x_6x.a(uart_17xx_40xx.o)
                              0x110f6 (size before relaxing)
 .debug_str     0x00019dad      0x196 c:/nxp/mcuxpressoide_10.1.1_606/ide/tools/bin/../lib/gcc/arm-none-eabi/6.3.1/../../../../arm-none-eabi/lib/thumb/v7-m\libcr_newlib_nohost.a(_cr_sbrk.o)
                                0x617 (size before relaxing)
 .debug_str     0x00019f43       0x25 c:/nxp/mcuxpressoide_10.1.1_606/ide/tools/bin/../lib/gcc/arm-none-eabi/6.3.1/../../../../arm-none-eabi/lib/thumb/v7-m\libcr_newlib_nohost.a(_cr_check_heap.o)
                                0x166 (size before relaxing)

.comment        0x00000000       0x7f
 .comment       0x00000000       0x7f ./src/cr_cpp_config.o
                                 0x80 (size before relaxing)
 .comment       0x0000007f       0x80 ./src/cr_startup_lpc175x_6x.o
 .comment       0x0000007f       0x80 ./src/main.o
 .comment       0x0000007f       0x80 ./src/sysinit.o
 .comment       0x0000007f       0x80 ./inc/Charger.o
 .comment       0x0000007f       0x80 C:\Users\kurts\Documents\MCUXpressoIDE_10.1.1_606\workspace\lpc_board_nxp_lpcxpresso_1769\Debug\liblpc_board_nxp_lpcxpresso_1769.a(board.o)
 .comment       0x0000007f       0x80 C:\Users\kurts\Documents\MCUXpressoIDE_10.1.1_606\workspace\lpc_board_nxp_lpcxpresso_1769\Debug\liblpc_board_nxp_lpcxpresso_1769.a(board_sysinit.o)
 .comment       0x0000007f       0x80 C:\Users\kurts\Documents\MCUXpressoIDE_10.1.1_606\workspace\lpc_chip_175x_6x\Debug\liblpc_chip_175x_6x.a(chip_17xx_40xx.o)
 .comment       0x0000007f       0x80 C:\Users\kurts\Documents\MCUXpressoIDE_10.1.1_606\workspace\lpc_chip_175x_6x\Debug\liblpc_chip_175x_6x.a(clock_17xx_40xx.o)
 .comment       0x0000007f       0x80 C:\Users\kurts\Documents\MCUXpressoIDE_10.1.1_606\workspace\lpc_chip_175x_6x\Debug\liblpc_chip_175x_6x.a(iocon_17xx_40xx.o)
 .comment       0x0000007f       0x80 C:\Users\kurts\Documents\MCUXpressoIDE_10.1.1_606\workspace\lpc_chip_175x_6x\Debug\liblpc_chip_175x_6x.a(sysinit_17xx_40xx.o)
 .comment       0x0000007f       0x80 C:\Users\kurts\Documents\MCUXpressoIDE_10.1.1_606\workspace\lpc_chip_175x_6x\Debug\liblpc_chip_175x_6x.a(uart_17xx_40xx.o)
 .comment       0x0000007f       0x80 c:/nxp/mcuxpressoide_10.1.1_606/ide/tools/bin/../lib/gcc/arm-none-eabi/6.3.1/../../../../arm-none-eabi/lib/thumb/v7-m\libcr_newlib_nohost.a(_cr_sbrk.o)
 .comment       0x0000007f       0x80 c:/nxp/mcuxpressoide_10.1.1_606/ide/tools/bin/../lib/gcc/arm-none-eabi/6.3.1/../../../../arm-none-eabi/lib/thumb/v7-m\libcr_newlib_nohost.a(_cr_check_heap.o)

.ARM.attributes
                0x00000000       0x31
 .ARM.attributes
                0x00000000       0x33 ./src/cr_cpp_config.o
 .ARM.attributes
                0x00000033       0x33 ./src/cr_startup_lpc175x_6x.o
 .ARM.attributes
                0x00000066       0x33 ./src/main.o
 .ARM.attributes
                0x00000099       0x33 ./src/sysinit.o
 .ARM.attributes
                0x000000cc       0x33 ./inc/Charger.o
 .ARM.attributes
                0x000000ff       0x33 C:\Users\kurts\Documents\MCUXpressoIDE_10.1.1_606\workspace\lpc_board_nxp_lpcxpresso_1769\Debug\liblpc_board_nxp_lpcxpresso_1769.a(board.o)
 .ARM.attributes
                0x00000132       0x33 C:\Users\kurts\Documents\MCUXpressoIDE_10.1.1_606\workspace\lpc_board_nxp_lpcxpresso_1769\Debug\liblpc_board_nxp_lpcxpresso_1769.a(board_sysinit.o)
 .ARM.attributes
                0x00000165       0x33 C:\Users\kurts\Documents\MCUXpressoIDE_10.1.1_606\workspace\lpc_chip_175x_6x\Debug\liblpc_chip_175x_6x.a(chip_17xx_40xx.o)
 .ARM.attributes
                0x00000198       0x33 C:\Users\kurts\Documents\MCUXpressoIDE_10.1.1_606\workspace\lpc_chip_175x_6x\Debug\liblpc_chip_175x_6x.a(clock_17xx_40xx.o)
 .ARM.attributes
                0x000001cb       0x33 C:\Users\kurts\Documents\MCUXpressoIDE_10.1.1_606\workspace\lpc_chip_175x_6x\Debug\liblpc_chip_175x_6x.a(iocon_17xx_40xx.o)
 .ARM.attributes
                0x000001fe       0x33 C:\Users\kurts\Documents\MCUXpressoIDE_10.1.1_606\workspace\lpc_chip_175x_6x\Debug\liblpc_chip_175x_6x.a(sysinit_17xx_40xx.o)
 .ARM.attributes
                0x00000231       0x33 C:\Users\kurts\Documents\MCUXpressoIDE_10.1.1_606\workspace\lpc_chip_175x_6x\Debug\liblpc_chip_175x_6x.a(uart_17xx_40xx.o)
 .ARM.attributes
                0x00000264       0x2d c:/nxp/mcuxpressoide_10.1.1_606/ide/tools/bin/../lib/gcc/arm-none-eabi/6.3.1/../../../../arm-none-eabi/lib/thumb/v7-m\libc.a(lib_a-init.o)
 .ARM.attributes
                0x00000291       0x2d c:/nxp/mcuxpressoide_10.1.1_606/ide/tools/bin/../lib/gcc/arm-none-eabi/6.3.1/../../../../arm-none-eabi/lib/thumb/v7-m\libc.a(lib_a-malloc.o)
 .ARM.attributes
                0x000002be       0x2d c:/nxp/mcuxpressoide_10.1.1_606/ide/tools/bin/../lib/gcc/arm-none-eabi/6.3.1/../../../../arm-none-eabi/lib/thumb/v7-m\libc.a(lib_a-mallocr.o)
 .ARM.attributes
                0x000002eb       0x2d c:/nxp/mcuxpressoide_10.1.1_606/ide/tools/bin/../lib/gcc/arm-none-eabi/6.3.1/../../../../arm-none-eabi/lib/thumb/v7-m\libc.a(lib_a-mlock.o)
 .ARM.attributes
                0x00000318       0x2d c:/nxp/mcuxpressoide_10.1.1_606/ide/tools/bin/../lib/gcc/arm-none-eabi/6.3.1/../../../../arm-none-eabi/lib/thumb/v7-m\libc.a(lib_a-sbrkr.o)
 .ARM.attributes
                0x00000345       0x2d c:/nxp/mcuxpressoide_10.1.1_606/ide/tools/bin/../lib/gcc/arm-none-eabi/6.3.1/../../../../arm-none-eabi/lib/thumb/v7-m\libc.a(lib_a-freer.o)
 .ARM.attributes
                0x00000372       0x2d c:/nxp/mcuxpressoide_10.1.1_606/ide/tools/bin/../lib/gcc/arm-none-eabi/6.3.1/../../../../arm-none-eabi/lib/thumb/v7-m\libc.a(lib_a-impure.o)
 .ARM.attributes
                0x0000039f       0x2d c:/nxp/mcuxpressoide_10.1.1_606/ide/tools/bin/../lib/gcc/arm-none-eabi/6.3.1/../../../../arm-none-eabi/lib/thumb/v7-m\libc.a(lib_a-lock.o)
 .ARM.attributes
                0x000003cc       0x2d c:/nxp/mcuxpressoide_10.1.1_606/ide/tools/bin/../lib/gcc/arm-none-eabi/6.3.1/../../../../arm-none-eabi/lib/thumb/v7-m\libc.a(lib_a-reent.o)
 .ARM.attributes
                0x000003f9       0x33 c:/nxp/mcuxpressoide_10.1.1_606/ide/tools/bin/../lib/gcc/arm-none-eabi/6.3.1/../../../../arm-none-eabi/lib/thumb/v7-m\libcr_newlib_nohost.a(_cr_sbrk.o)
 .ARM.attributes
                0x0000042c       0x33 c:/nxp/mcuxpressoide_10.1.1_606/ide/tools/bin/../lib/gcc/arm-none-eabi/6.3.1/../../../../arm-none-eabi/lib/thumb/v7-m\libcr_newlib_nohost.a(_cr_check_heap.o)
 .ARM.attributes
                0x0000045f       0x1d c:/nxp/mcuxpressoide_10.1.1_606/ide/tools/bin/../lib/gcc/arm-none-eabi/6.3.1/thumb/v7-m\crti.o
 .ARM.attributes
                0x0000047c       0x1d c:/nxp/mcuxpressoide_10.1.1_606/ide/tools/bin/../lib/gcc/arm-none-eabi/6.3.1/thumb/v7-m\crtn.o
 .ARM.attributes
                0x00000499       0x2d c:/nxp/mcuxpressoide_10.1.1_606/ide/tools/bin/../lib/gcc/arm-none-eabi/6.3.1/thumb/v7-m\crtbegin.o
 .ARM.attributes
                0x000004c6       0x2d c:/nxp/mcuxpressoide_10.1.1_606/ide/tools/bin/../lib/gcc/arm-none-eabi/6.3.1/../../../../arm-none-eabi/lib/thumb/v7-m\libc.a(lib_a-errno.o)

.debug_frame    0x00000000     0x18d0
 .debug_frame   0x00000000       0xe0 ./src/cr_cpp_config.o
 .debug_frame   0x000000e0      0x170 ./src/cr_startup_lpc175x_6x.o
 .debug_frame   0x00000250       0x30 ./src/main.o
 .debug_frame   0x00000280       0x34 ./src/sysinit.o
 .debug_frame   0x000002b4       0xcc ./inc/Charger.o
 .debug_frame   0x00000380      0x5d4 C:\Users\kurts\Documents\MCUXpressoIDE_10.1.1_606\workspace\lpc_board_nxp_lpcxpresso_1769\Debug\liblpc_board_nxp_lpcxpresso_1769.a(board.o)
 .debug_frame   0x00000954       0x8c C:\Users\kurts\Documents\MCUXpressoIDE_10.1.1_606\workspace\lpc_board_nxp_lpcxpresso_1769\Debug\liblpc_board_nxp_lpcxpresso_1769.a(board_sysinit.o)
 .debug_frame   0x000009e0       0x88 C:\Users\kurts\Documents\MCUXpressoIDE_10.1.1_606\workspace\lpc_chip_175x_6x\Debug\liblpc_chip_175x_6x.a(chip_17xx_40xx.o)
 .debug_frame   0x00000a68      0x490 C:\Users\kurts\Documents\MCUXpressoIDE_10.1.1_606\workspace\lpc_chip_175x_6x\Debug\liblpc_chip_175x_6x.a(clock_17xx_40xx.o)
 .debug_frame   0x00000ef8       0x80 C:\Users\kurts\Documents\MCUXpressoIDE_10.1.1_606\workspace\lpc_chip_175x_6x\Debug\liblpc_chip_175x_6x.a(iocon_17xx_40xx.o)
 .debug_frame   0x00000f78      0x12c C:\Users\kurts\Documents\MCUXpressoIDE_10.1.1_606\workspace\lpc_chip_175x_6x\Debug\liblpc_chip_175x_6x.a(sysinit_17xx_40xx.o)
 .debug_frame   0x000010a4      0x538 C:\Users\kurts\Documents\MCUXpressoIDE_10.1.1_606\workspace\lpc_chip_175x_6x\Debug\liblpc_chip_175x_6x.a(uart_17xx_40xx.o)
 .debug_frame   0x000015dc       0x2c c:/nxp/mcuxpressoide_10.1.1_606/ide/tools/bin/../lib/gcc/arm-none-eabi/6.3.1/../../../../arm-none-eabi/lib/thumb/v7-m\libc.a(lib_a-init.o)
 .debug_frame   0x00001608       0x30 c:/nxp/mcuxpressoide_10.1.1_606/ide/tools/bin/../lib/gcc/arm-none-eabi/6.3.1/../../../../arm-none-eabi/lib/thumb/v7-m\libc.a(lib_a-malloc.o)
 .debug_frame   0x00001638       0x54 c:/nxp/mcuxpressoide_10.1.1_606/ide/tools/bin/../lib/gcc/arm-none-eabi/6.3.1/../../../../arm-none-eabi/lib/thumb/v7-m\libc.a(lib_a-mallocr.o)
 .debug_frame   0x0000168c       0x30 c:/nxp/mcuxpressoide_10.1.1_606/ide/tools/bin/../lib/gcc/arm-none-eabi/6.3.1/../../../../arm-none-eabi/lib/thumb/v7-m\libc.a(lib_a-mlock.o)
 .debug_frame   0x000016bc       0x2c c:/nxp/mcuxpressoide_10.1.1_606/ide/tools/bin/../lib/gcc/arm-none-eabi/6.3.1/../../../../arm-none-eabi/lib/thumb/v7-m\libc.a(lib_a-sbrkr.o)
 .debug_frame   0x000016e8       0x74 c:/nxp/mcuxpressoide_10.1.1_606/ide/tools/bin/../lib/gcc/arm-none-eabi/6.3.1/../../../../arm-none-eabi/lib/thumb/v7-m\libc.a(lib_a-freer.o)
 .debug_frame   0x0000175c       0xb0 c:/nxp/mcuxpressoide_10.1.1_606/ide/tools/bin/../lib/gcc/arm-none-eabi/6.3.1/../../../../arm-none-eabi/lib/thumb/v7-m\libc.a(lib_a-lock.o)
 .debug_frame   0x0000180c       0x58 c:/nxp/mcuxpressoide_10.1.1_606/ide/tools/bin/../lib/gcc/arm-none-eabi/6.3.1/../../../../arm-none-eabi/lib/thumb/v7-m\libc.a(lib_a-reent.o)
 .debug_frame   0x00001864       0x2c c:/nxp/mcuxpressoide_10.1.1_606/ide/tools/bin/../lib/gcc/arm-none-eabi/6.3.1/../../../../arm-none-eabi/lib/thumb/v7-m\libcr_newlib_nohost.a(_cr_sbrk.o)
 .debug_frame   0x00001890       0x20 c:/nxp/mcuxpressoide_10.1.1_606/ide/tools/bin/../lib/gcc/arm-none-eabi/6.3.1/../../../../arm-none-eabi/lib/thumb/v7-m\libcr_newlib_nohost.a(_cr_check_heap.o)
 .debug_frame   0x000018b0       0x20 c:/nxp/mcuxpressoide_10.1.1_606/ide/tools/bin/../lib/gcc/arm-none-eabi/6.3.1/../../../../arm-none-eabi/lib/thumb/v7-m\libc.a(lib_a-errno.o)

.debug_loc      0x00000000       0x79
 .debug_loc     0x00000000       0x3f c:/nxp/mcuxpressoide_10.1.1_606/ide/tools/bin/../lib/gcc/arm-none-eabi/6.3.1/../../../../arm-none-eabi/lib/thumb/v7-m\libcr_newlib_nohost.a(_cr_sbrk.o)
 .debug_loc     0x0000003f       0x3a c:/nxp/mcuxpressoide_10.1.1_606/ide/tools/bin/../lib/gcc/arm-none-eabi/6.3.1/../../../../arm-none-eabi/lib/thumb/v7-m\libcr_newlib_nohost.a(_cr_check_heap.o)
